// Vitest Snapshot v1, https://vitest.dev/guide/snapshot.html

exports[`AboutView.vue > Contrasta snapshot del HTML 1`] = `
"<div class="about">
  <h1>This is an about page</h1>
</div>"
`;

exports[`AboutView.vue > Probando la existencia del componente AboutView  1`] = `
"<div class="about">
  <h1>This is an about page</h1>
</div>"
`;

exports[`AboutView.vue > Renderiza en el HTML 1`] = `
"<div class="about">
  <h1>This is an about page</h1>
</div>"
`;
